> Task :compileJava UP-TO-DATE
> Task :processResources UP-TO-DATE
> Task :classes UP-TO-DATE
> Task :compileTestJava
> Task :processTestResources UP-TO-DATE
> Task :testClasses
OpenJDK 64-Bit Server VM warning: Sharing is only supported for boot loader classes because bootstrap classpath has been appended
> Task :test

ChargeBalanceIdempotencyTest > 같은 idempotencyKey로 두 번 요청 → 중복 충전 방지 FAILED
    org.opentest4j.AssertionFailedError at ChargeBalanceIdempotencyTest.java:75

ChargeBalanceIdempotencyTest > 캐시된 응답 반환 시 DB 업데이트 없음 FAILED
    org.opentest4j.AssertionFailedError at ChargeBalanceIdempotencyTest.java:137

2025-12-11 21:48:08 [SpringApplicationShutdownHook] INFO  o.s.o.j.LocalContainerEntityManagerFactoryBean - Closing JPA EntityManagerFactory for persistence unit 'default'
2025-12-11 21:48:08 [SpringApplicationShutdownHook] DEBUG org.hibernate.SQL - 
    [34mdrop[0m [34mtable[0m [34mif[0m [34mexists[0m cart_items [34mcascade[0m 
[35m[Hibernate][0m 
    [34mdrop[0m [34mtable[0m [34mif[0m [34mexists[0m cart_items [34mcascade[0m 
2025-12-11 21:48:08 [SpringApplicationShutdownHook] DEBUG org.hibernate.SQL - 
    [34mdrop[0m [34mtable[0m [34mif[0m [34mexists[0m carts [34mcascade[0m 
[35m[Hibernate][0m 
    [34mdrop[0m [34mtable[0m [34mif[0m [34mexists[0m carts [34mcascade[0m 
2025-12-11 21:48:08 [SpringApplicationShutdownHook] DEBUG org.hibernate.SQL - 
    [34mdrop[0m [34mtable[0m [34mif[0m [34mexists[0m charge_balance_idempotency [34mcascade[0m 
[35m[Hibernate][0m 
    [34mdrop[0m [34mtable[0m [34mif[0m [34mexists[0m charge_balance_idempotency [34mcascade[0m 
2025-12-11 21:48:08 [SpringApplicationShutdownHook] DEBUG org.hibernate.SQL - 
    [34mdrop[0m [34mtable[0m [34mif[0m [34mexists[0m coupons [34mcascade[0m 
[35m[Hibernate][0m 
    [34mdrop[0m [34mtable[0m [34mif[0m [34mexists[0m coupons [34mcascade[0m 
2025-12-11 21:48:08 [SpringApplicationShutdownHook] DEBUG org.hibernate.SQL - 
    [34mdrop[0m [34mtable[0m [34mif[0m [34mexists[0m order_idempotency [34mcascade[0m 
[35m[Hibernate][0m 
    [34mdrop[0m [34mtable[0m [34mif[0m [34mexists[0m order_idempotency [34mcascade[0m 
2025-12-11 21:48:08 [SpringApplicationShutdownHook] DEBUG org.hibernate.SQL - 
    [34mdrop[0m [34mtable[0m [34mif[0m [34mexists[0m order_items [34mcascade[0m 
[35m[Hibernate][0m 
    [34mdrop[0m [34mtable[0m [34mif[0m [34mexists[0m order_items [34mcascade[0m 
2025-12-11 21:48:08 [SpringApplicationShutdownHook] DEBUG org.hibernate.SQL - 
    [34mdrop[0m [34mtable[0m [34mif[0m [34mexists[0m orders [34mcascade[0m 
[35m[Hibernate][0m 
    [34mdrop[0m [34mtable[0m [34mif[0m [34mexists[0m orders [34mcascade[0m 
2025-12-11 21:48:08 [SpringApplicationShutdownHook] DEBUG org.hibernate.SQL - 
    [34mdrop[0m [34mtable[0m [34mif[0m [34mexists[0m payment_idempotency [34mcascade[0m 
[35m[Hibernate][0m 
    [34mdrop[0m [34mtable[0m [34mif[0m [34mexists[0m payment_idempotency [34mcascade[0m 
2025-12-11 21:48:08 [SpringApplicationShutdownHook] DEBUG org.hibernate.SQL - 
    [34mdrop[0m [34mtable[0m [34mif[0m [34mexists[0m product_ranking_backup [34mcascade[0m 
[35m[Hibernate][0m 
    [34mdrop[0m [34mtable[0m [34mif[0m [34mexists[0m product_ranking_backup [34mcascade[0m 
2025-12-11 21:48:08 [SpringApplicationShutdownHook] DEBUG org.hibernate.SQL - 
    [34mdrop[0m [34mtable[0m [34mif[0m [34mexists[0m product_sales_aggregates [34mcascade[0m 
[35m[Hibernate][0m 
    [34mdrop[0m [34mtable[0m [34mif[0m [34mexists[0m product_sales_aggregates [34mcascade[0m 
2025-12-11 21:48:08 [SpringApplicationShutdownHook] DEBUG org.hibernate.SQL - 
    [34mdrop[0m [34mtable[0m [34mif[0m [34mexists[0m products [34mcascade[0m 
[35m[Hibernate][0m 
    [34mdrop[0m [34mtable[0m [34mif[0m [34mexists[0m products [34mcascade[0m 
2025-12-11 21:48:08 [SpringApplicationShutdownHook] DEBUG org.hibernate.SQL - 
    [34mdrop[0m [34mtable[0m [34mif[0m [34mexists[0m user_coupons [34mcascade[0m 
[35m[Hibernate][0m 
    [34mdrop[0m [34mtable[0m [34mif[0m [34mexists[0m user_coupons [34mcascade[0m 
2025-12-11 21:48:08 [SpringApplicationShutdownHook] DEBUG org.hibernate.SQL - 
    [34mdrop[0m [34mtable[0m [34mif[0m [34mexists[0m users [34mcascade[0m 
[35m[Hibernate][0m 
    [34mdrop[0m [34mtable[0m [34mif[0m [34mexists[0m users [34mcascade[0m 
2025-12-11 21:48:08 [SpringApplicationShutdownHook] INFO  com.zaxxer.hikari.HikariDataSource - HikariPool-8 - Shutdown initiated...
2025-12-11 21:48:08 [SpringApplicationShutdownHook] INFO  com.zaxxer.hikari.HikariDataSource - HikariPool-8 - Shutdown completed.

> Task :test

8 tests completed, 2 failed, 1 skipped

> Task :test FAILED

FAILURE: Build failed with an exception.

* What went wrong:
Execution failed for task ':test'.
> There were failing tests. See the report at: file:///Users/jsb/hanghe-plus/ecommerce/build/reports/tests/test/index.html

* Try:
> Run with --scan to get full insights.

BUILD FAILED in 50s
5 actionable tasks: 2 executed, 3 up-to-date
